// Jest Snapshot v1, https://goo.gl/fbAQLP

exports[`Create Meetup container renders correctly 1`] = `ShallowWrapper {}`;
