// Jest Snapshot v1, https://goo.gl/fbAQLP

exports[`Get single Meetup container renders correctly 1`] = `ShallowWrapper {}`;
