// Jest Snapshot v1, https://goo.gl/fbAQLP

exports[`Meetup renders correctly 1`] = `ShallowWrapper {}`;
